// Jest Snapshot v1, https://goo.gl/fbAQLP

exports[`IndexPage page renders correctly 1`] = `
<BaseLayout>
  <SiteMetadata
    description="Earn monero to participate on our testnets!"
    image="test-file-stub"
    lang="en"
    meta={Array []}
    title="Joystream: A user governed video platform"
  />
  <Hero
    animationEndValue={-40}
    animationStartValue={0}
    chip={null}
    image={
      Object {
        "ReactComponent": "icon-mock",
      }
    }
    indent={false}
    title="A user governed video platform"
  >
    <p
      className="IndexPage__hero-paragraph"
    >
      Earn Monero by participating in the current Athens testnet
    </p>
    <div
      className="IndexPage__hero-group"
    >
      <Button
        className="IndexPage__hero-button"
        disabled={false}
        href="https://blog.joystream.org/acropolis-incentives/"
        large={false}
        light={false}
        onClick={null}
        reversed={false}
        secondary={true}
        small={false}
        to={null}
      >
        Earn Monero
      </Button>
      <Button
        className="IndexPage__hero-button"
        disabled={false}
        href="https://testnet.joystream.org/"
        large={false}
        light={false}
        onClick={null}
        reversed={true}
        secondary={true}
        small={false}
        to={null}
      >
        Launch UI
      </Button>
    </div>
  </Hero>
  <LayoutWrapper
    className=""
    dark={false}
    gradient={false}
  >
    <TestnetItem
      button={
        Object {
          "label": "Explore acropolis",
          "to": "/acropolis",
        }
      }
      className=""
      date={null}
      image={
        Object {
          "ReactComponent": "icon-mock",
        }
      }
      title="Acropolis Tesnet"
    >
      Acropolis is our fourth testnet, with much improved
       
      <Link
        className=""
        highlighted={false}
        to="/roles#storage-provider"
      >
        storage provider
      </Link>
       software and an on-chain forum.
    </TestnetItem>
    <Analytics
      className=""
      content={
        Object {
          "blockHeight": 1110117,
          "councilStage": "Announcing",
          "forumPosts": 11,
          "mediaFiles": 9,
          "membershipsMembers": 164,
          "rolesProviders": 10,
          "validatorsCount": 20,
        }
      }
      items={
        Array [
          Object {
            "image": "icon-mock",
            "title": "Participation Payout",
            "value": "$1576",
          },
          Object {
            "image": "icon-mock",
            "key": "validatorsCount",
            "title": "Active Validators",
          },
          Object {
            "image": "icon-mock",
            "key": "blockHeight",
            "title": "Block Height",
          },
          Object {
            "image": "icon-mock",
            "key": "councilStage",
            "title": "Council Election Stage",
          },
          Object {
            "image": "icon-mock",
            "key": "membershipsMembers",
            "title": "Memberships",
          },
          Object {
            "image": "icon-mock",
            "key": "forumPosts",
            "title": "Forum Posts",
          },
          Object {
            "image": "icon-mock",
            "key": "mediaFiles",
            "title": "Platform Content Files",
          },
          Object {
            "image": "icon-mock",
            "key": "rolesProviders",
            "title": "Active Storage Providers",
          },
        ]
      }
    >
      <Button
        className=""
        disabled={false}
        href="https://blog.joystream.org/athens-incentives/"
        large={false}
        light={false}
        onClick={null}
        reversed={false}
        secondary={true}
        small={false}
        to={null}
      >
        Participate and Earn Monero
      </Button>
    </Analytics>
  </LayoutWrapper>
  <LayoutWrapper
    className=""
    dark={true}
    gradient={false}
  >
    <TitleWrapper
      className=""
      subtitle=""
      title="Become a user, run the platform"
    >
      <Subheader
        className=""
        content="learn more, join a role and subscribe for more"
        icon="icon-mock"
        title="Active roles on the current testnet"
      />
      <ColumnsLayout
        className=""
        columnsCount={2}
        largeSpacing={false}
      >
        <RoleList
          content={
            Object {
              "councilMembersCount": 12,
              "storageProviders": 10,
              "validatorsCount": 20,
            }
          }
          roles={
            Array [
              Object {
                "hasLabel": false,
                "image": "icon-mock",
                "key": "validatorsCount",
                "title": "Validator",
                "to": "/roles#validator",
              },
              Object {
                "hasLabel": false,
                "image": "icon-mock",
                "key": "councilMembersCount",
                "title": "Council Member",
                "to": "/roles#council-member",
              },
              Object {
                "hasLabel": true,
                "image": "icon-mock",
                "key": "storageProviders",
                "title": "Storage Provider",
                "to": "/roles#storage-provider",
              },
            ]
          }
        />
      </ColumnsLayout>
      <Subheader
        className=""
        content="choose a role, learn more and subscribe to get updated"
        icon="icon-mock"
        title="Roles coming in future testnets"
      />
      <ColumnsLayout
        className=""
        columnsCount={3}
        largeSpacing={false}
      >
        <RoleList
          content={
            Object {
              "councilMembersCount": 12,
              "storageProviders": 10,
              "validatorsCount": 20,
            }
          }
          roles={
            Array [
              Object {
                "image": "icon-mock",
                "title": "Membership Screener",
                "to": "/roles#membership-screener",
              },
              Object {
                "image": "icon-mock",
                "title": "Membership Curator",
                "to": "/roles",
              },
              Object {
                "image": "icon-mock",
                "title": "Content Curator",
                "to": "/roles#content-curator",
              },
              Object {
                "image": "icon-mock",
                "title": "Content Creator",
                "to": "/roles#content-creator",
              },
              Object {
                "image": "icon-mock",
                "title": "Bandwidth Provider",
                "to": "/roles#bandwidth-provider",
              },
              Object {
                "image": "icon-mock",
                "title": "Discovery Provider",
                "to": "/roles#discovery-provider",
              },
              Object {
                "image": "icon-mock",
                "title": "Live Streaming Provider",
                "to": "/roles#live-streaming-provider",
              },
              Object {
                "image": "icon-mock",
                "title": "Builder",
                "to": "/roles#builder",
              },
              Object {
                "image": "icon-mock",
                "title": "Communication Moderator",
                "to": "/roles#communication-moderator",
              },
            ]
          }
        />
      </ColumnsLayout>
      <Button
        className="IndexPage__roles-button"
        disabled={false}
        href={null}
        large={false}
        light={false}
        onClick={null}
        reversed={false}
        secondary={true}
        small={false}
        to="/roles"
      >
        Learn more about the roles
      </Button>
    </TitleWrapper>
  </LayoutWrapper>
</BaseLayout>
`;
